2025-01-26 19:30:21 INFO  com.qa.test.hooks.BasePage - Initializing Driver...
2025-01-26 19:30:29 INFO  com.qa.test.hooks.BasePage - Driver fetched in BasePage: true
2025-01-26 19:36:17 INFO  com.qa.test.hooks.BasePage - ******** Initializing Driver ********
2025-01-26 19:36:25 INFO  com.qa.test.hooks.BasePage - ******* Driver fetched in BasePage: *******true
2025-01-26 19:37:29 INFO  com.qa.test.hooks.BasePage - ******** Initializing Driver ********
2025-01-26 19:37:37 INFO  com.qa.test.hooks.BasePage - ******* Driver fetched in BasePage: *******true
2025-01-26 19:38:01 INFO  com.qa.test.hooks.BasePage - ******** Initializing Driver ********
2025-01-26 19:38:12 INFO  com.qa.test.hooks.BasePage - ******* Driver fetched in BasePage: *******true
2025-01-26 19:44:43 INFO  com.qa.test.hooks.Hooks - ******** Initializing Driver ********
2025-01-26 19:44:49 INFO  com.qa.test.hooks.BasePage - ******* Driver fetched in BasePage: true
2025-01-26 20:03:52 INFO  com.qa.test.hooks.BasePage - ******* Driver fetched in BasePage: false
2025-01-26 20:04:31 INFO  com.qa.test.hooks.Hooks - ******** Initializing Driver ********
2025-01-26 20:10:00 INFO  com.qa.test.hooks.Hooks - ******** Initializing Driver ********
2025-01-26 20:10:29 INFO  com.qa.test.hooks.Hooks - ******** Initializing Driver ********
2025-01-26 20:10:37 INFO  com.qa.test.hooks.BasePage - ******* Driver fetched in BasePage: true
2025-01-26 20:12:23 INFO  com.qa.test.hooks.Hooks - ******** Initializing Driver ********
2025-01-26 20:12:33 INFO  com.qa.test.hooks.BasePage - ******* Driver fetched in BasePage: true
2025-01-26 20:15:11 INFO  com.qa.test.hooks.Hooks - ******** Initializing Driver ********
2025-01-26 20:15:19 INFO  com.qa.test.hooks.BasePage - ******* Driver fetched in BasePage: true
2025-01-26 20:18:54 INFO  com.qa.test.hooks.Hooks - ******** Initializing Driver ********
2025-01-26 20:20:12 INFO  com.qa.test.hooks.Hooks - ******** Initializing Driver ********
2025-01-26 20:20:18 INFO  com.qa.test.hooks.BasePage - ******* Driver fetched in BasePage: true
2025-01-26 20:21:08 INFO  com.qa.test.hooks.Hooks - ******** Initializing Driver ********
2025-01-26 20:21:17 INFO  com.qa.test.hooks.BasePage - ******* Driver fetched in BasePage: true
2025-01-26 20:30:22 INFO  com.qa.test.hooks.Hooks - ******** Initializing Driver ********
2025-01-26 20:30:29 INFO  com.qa.test.hooks.BasePage - ******* Driver fetched in BasePage: true
2025-01-26 20:32:47 INFO  com.qa.test.hooks.Hooks - ******** Initializing Driver ********
2025-01-26 20:32:54 INFO  com.qa.test.hooks.BasePage - ******* Driver fetched in BasePage: true
2025-01-26 20:35:52 INFO  com.qa.test.hooks.Hooks - ******** Initializing Driver ********
2025-01-26 20:35:58 INFO  com.qa.test.hooks.BasePage - ******* Driver fetched in BasePage: true
2025-01-26 20:36:45 INFO  com.qa.test.hooks.Hooks - ******** Initializing Driver ********
2025-01-26 20:36:53 INFO  com.qa.test.hooks.BasePage - ******* Driver fetched in BasePage: true
2025-01-26 20:37:46 INFO  com.qa.test.hooks.Hooks - ******** Initializing Driver ********
2025-01-26 20:37:52 INFO  com.qa.test.hooks.BasePage - ******* Driver fetched in BasePage: true
2025-01-26 20:38:41 INFO  com.qa.test.hooks.Hooks - ******** Initializing Driver ********
2025-01-26 20:38:47 INFO  com.qa.test.hooks.BasePage - ******* Driver fetched in BasePage: true
2025-01-26 20:43:21 INFO  com.qa.test.hooks.Hooks - ******** Initializing Driver ********
2025-01-26 20:43:27 INFO  com.qa.test.hooks.BasePage - ******* Driver fetched in BasePage: true
2025-01-26 20:44:42 INFO  com.qa.test.hooks.Hooks - ******** Initializing Driver ********
2025-01-26 20:44:48 INFO  com.qa.test.hooks.BasePage - ******* Driver fetched in BasePage: true
2025-01-26 20:45:17 INFO  com.qa.test.hooks.Hooks - ******** Initializing Driver ********
2025-01-26 20:45:25 INFO  com.qa.test.hooks.BasePage - ******* Driver fetched in BasePage: true
2025-01-26 20:45:57 INFO  com.qa.test.hooks.Hooks - ******** Initializing Driver ********
2025-01-26 20:46:05 INFO  com.qa.test.hooks.BasePage - ******* Driver fetched in BasePage: true
2025-01-26 20:46:59 INFO  com.qa.test.hooks.Hooks - ******** Initializing Driver ********
2025-01-26 20:47:05 INFO  com.qa.test.hooks.BasePage - ******* Driver fetched in BasePage: true
2025-01-26 20:50:43 INFO  com.qa.test.hooks.Hooks - ******** Initializing Driver ********
2025-01-26 20:50:49 INFO  com.qa.test.hooks.BasePage - ******* Driver fetched in BasePage: true
2025-01-26 20:52:49 INFO  com.qa.test.hooks.Hooks - ******** Initializing Driver ********
2025-01-26 20:52:54 INFO  com.qa.test.hooks.BasePage - ******* Driver fetched in BasePage: true
2025-01-26 20:53:21 INFO  com.qa.test.hooks.Hooks - ******** Initializing Driver ********
2025-01-26 20:53:29 INFO  com.qa.test.hooks.BasePage - ******* Driver fetched in BasePage: true
2025-01-26 20:54:54 INFO  com.qa.test.hooks.Hooks - ******** Initializing Driver ********
2025-01-26 20:54:59 INFO  com.qa.test.hooks.BasePage - ******* Driver fetched in BasePage: true
2025-01-26 20:55:46 INFO  com.qa.test.hooks.Hooks - ******** Initializing Driver ********
2025-01-26 20:55:54 INFO  com.qa.test.hooks.BasePage - ******* Driver fetched in BasePage: true
2025-01-26 20:57:46 INFO  com.qa.test.hooks.Hooks - ******** Initializing Driver ********
2025-01-26 20:57:52 INFO  com.qa.test.hooks.BasePage - ******* Driver fetched in BasePage: true
2025-01-26 20:59:29 INFO  com.qa.test.hooks.Hooks - ******** Initializing Driver ********
2025-01-26 20:59:35 INFO  com.qa.test.hooks.BasePage - ******* Driver fetched in BasePage: true
2025-01-26 21:02:05 INFO  com.qa.test.hooks.Hooks - ******** Initializing Driver ********
2025-01-26 21:02:11 INFO  com.qa.test.hooks.BasePage - ******* Driver fetched in BasePage: true
2025-01-26 21:04:05 INFO  com.qa.test.hooks.Hooks - ******** Initializing Driver ********
2025-01-26 21:04:12 INFO  com.qa.test.hooks.BasePage - ******* Driver fetched in BasePage: true
2025-01-26 21:04:33 INFO  com.qa.test.hooks.Hooks - ******** Initializing Driver ********
2025-01-26 21:04:43 INFO  com.qa.test.hooks.BasePage - ******* Driver fetched in BasePage: true
2025-01-26 21:06:39 INFO  com.qa.test.hooks.Hooks - ******** Initializing Driver ********
2025-01-26 21:06:46 INFO  com.qa.test.hooks.BasePage - ******* Driver fetched in BasePage: true
2025-01-26 21:08:52 INFO  com.qa.test.hooks.Hooks - ******** Initializing Driver ********
2025-01-26 21:08:59 INFO  com.qa.test.hooks.BasePage - ******* Driver fetched in BasePage: true
2025-01-26 21:09:26 INFO  com.qa.test.hooks.Hooks - ******** Initializing Driver ********
2025-01-26 21:09:36 INFO  com.qa.test.hooks.BasePage - ******* Driver fetched in BasePage: true
2025-01-26 21:11:08 INFO  com.qa.test.hooks.Hooks - ******** Initializing Driver ********
2025-01-26 21:11:14 INFO  com.qa.test.hooks.BasePage - ******* Driver fetched in BasePage: true
2025-01-26 21:12:22 INFO  com.qa.test.hooks.Hooks - ******** Initializing Driver ********
2025-01-26 21:13:09 INFO  com.qa.test.hooks.Hooks - ******** Initializing Driver ********
2025-01-26 21:13:15 INFO  com.qa.test.hooks.BasePage - ******* Driver fetched in BasePage: true
2025-01-26 21:13:56 INFO  com.qa.test.hooks.Hooks - ******** Initializing Driver ********
2025-01-26 21:14:05 INFO  com.qa.test.hooks.BasePage - ******* Driver fetched in BasePage: true
2025-01-26 21:15:43 INFO  com.qa.test.hooks.Hooks - ******** Initializing Driver ********
2025-01-26 21:15:51 INFO  com.qa.test.hooks.BasePage - ******* Driver fetched in BasePage: true
2025-02-02 12:43:14 INFO  com.qa.test.hooks.Hooks - ******** Initializing Driver ********
2025-02-02 12:43:23 INFO  com.qa.test.hooks.BasePage - ******* Driver fetched in BasePage: true
2025-02-02 12:45:10 INFO  com.qa.test.hooks.Hooks - ******** Initializing Driver ********
2025-02-02 12:45:17 INFO  com.qa.test.hooks.BasePage - ******* Driver fetched in BasePage: true
2026-02-06 19:23:25 INFO  com.qa.test.hooks.Hooks - ******** Initializing Driver ********
